Archive member included because of file (symbol)

c:/nxp/lpcxpresso_7.2.0_153/lpcxpresso/tools/bin/../lib/gcc/arm-none-eabi/4.8.3/../../../../arm-none-eabi/lib/armv7-m\libcr_c.a(__weak__main.o)
                              ./src/cr_startup_lpc13xx.o (__main)

Discarded input sections

 .group         0x00000000        0x8 ./src/UC-Week1.o
 .group         0x00000000        0x8 ./src/UC-Week1.o
 .group         0x00000000        0x8 ./src/UC-Week1.o
 .group         0x00000000        0x8 ./src/UC-Week1.o
 .group         0x00000000        0x8 ./src/UC-Week1.o
 .text          0x00000000        0x0 ./src/UC-Week1.o
 .data          0x00000000        0x0 ./src/UC-Week1.o
 .bss           0x00000000        0x0 ./src/UC-Week1.o
 .group         0x00000000        0x8 ./src/buttons.o
 .group         0x00000000        0x8 ./src/buttons.o
 .group         0x00000000        0x8 ./src/buttons.o
 .group         0x00000000        0x8 ./src/buttons.o
 .text          0x00000000        0x0 ./src/buttons.o
 .data          0x00000000        0x0 ./src/buttons.o
 .bss           0x00000000        0x0 ./src/buttons.o
 .debug_macro   0x00000000      0x862 ./src/buttons.o
 .debug_macro   0x00000000       0x10 ./src/buttons.o
 .debug_macro   0x00000000      0x122 ./src/buttons.o
 .debug_macro   0x00000000      0x5b9 ./src/buttons.o
 .group         0x00000000        0x8 ./src/cr_startup_lpc13xx.o
 .text          0x00000000        0x0 ./src/cr_startup_lpc13xx.o
 .data          0x00000000        0x0 ./src/cr_startup_lpc13xx.o
 .bss           0x00000000        0x0 ./src/cr_startup_lpc13xx.o
 .debug_macro   0x00000000      0x862 ./src/cr_startup_lpc13xx.o
 .group         0x00000000        0x8 ./src/crp.o
 .group         0x00000000        0x8 ./src/crp.o
 .text          0x00000000        0x0 ./src/crp.o
 .data          0x00000000        0x0 ./src/crp.o
 .bss           0x00000000        0x0 ./src/crp.o
 .crp           0x00000000        0x4 ./src/crp.o
 .debug_info    0x00000000       0x3f ./src/crp.o
 .debug_abbrev  0x00000000       0x36 ./src/crp.o
 .debug_aranges
                0x00000000       0x18 ./src/crp.o
 .debug_macro   0x00000000       0x1a ./src/crp.o
 .debug_macro   0x00000000      0x862 ./src/crp.o
 .debug_macro   0x00000000       0x34 ./src/crp.o
 .debug_line    0x00000000       0x78 ./src/crp.o
 .debug_str     0x00000000     0x24c7 ./src/crp.o
 .comment       0x00000000       0x71 ./src/crp.o
 .ARM.attributes
                0x00000000       0x33 ./src/crp.o
 .group         0x00000000        0x8 ./src/leds.o
 .group         0x00000000        0x8 ./src/leds.o
 .group         0x00000000        0x8 ./src/leds.o
 .group         0x00000000        0x8 ./src/leds.o
 .text          0x00000000        0x0 ./src/leds.o
 .data          0x00000000        0x0 ./src/leds.o
 .bss           0x00000000        0x0 ./src/leds.o
 .text.setLeds  0x00000000       0x14 ./src/leds.o
 .text.ledsWriteRGB
                0x00000000       0x14 ./src/leds.o
 .text.toggleLeds
                0x00000000       0x10 ./src/leds.o
 .text.kitt     0x00000000       0x40 ./src/leds.o
 .text.shineOnMe
                0x00000000       0x10 ./src/leds.o
 .debug_macro   0x00000000      0x862 ./src/leds.o
 .debug_macro   0x00000000       0x10 ./src/leds.o
 .debug_macro   0x00000000      0x122 ./src/leds.o
 .debug_macro   0x00000000      0x5b9 ./src/leds.o
 .group         0x00000000        0x8 ./src/util.o
 .text          0x00000000        0x0 ./src/util.o
 .data          0x00000000        0x0 ./src/util.o
 .bss           0x00000000        0x0 ./src/util.o
 .debug_macro   0x00000000      0x862 ./src/util.o
 .text          0x00000000        0x0 c:/nxp/lpcxpresso_7.2.0_153/lpcxpresso/tools/bin/../lib/gcc/arm-none-eabi/4.8.3/../../../../arm-none-eabi/lib/armv7-m\libcr_c.a(__weak__main.o)
 .data          0x00000000        0x0 c:/nxp/lpcxpresso_7.2.0_153/lpcxpresso/tools/bin/../lib/gcc/arm-none-eabi/4.8.3/../../../../arm-none-eabi/lib/armv7-m\libcr_c.a(__weak__main.o)
 .bss           0x00000000        0x0 c:/nxp/lpcxpresso_7.2.0_153/lpcxpresso/tools/bin/../lib/gcc/arm-none-eabi/4.8.3/../../../../arm-none-eabi/lib/armv7-m\libcr_c.a(__weak__main.o)

Memory Configuration

Name             Origin             Length             Attributes
MFlash32         0x00000000         0x00008000         xr
RamLoc8          0x10000000         0x00002000         xrw
*default*        0x00000000         0xffffffff

Linker script and memory map

LOAD ./src/UC-Week1.o
LOAD ./src/buttons.o
LOAD ./src/cr_startup_lpc13xx.o
LOAD ./src/crp.o
LOAD ./src/leds.o
LOAD ./src/util.o
START GROUP
LOAD c:/nxp/lpcxpresso_7.2.0_153/lpcxpresso/tools/bin/../lib/gcc/arm-none-eabi/4.8.3/../../../../arm-none-eabi/lib/armv7-m\libcr_c.a
LOAD c:/nxp/lpcxpresso_7.2.0_153/lpcxpresso/tools/bin/../lib/gcc/arm-none-eabi/4.8.3/armv7-m\libcr_eabihelpers.a
END GROUP
                0x00008000                __top_MFlash32 = 0x8000
                0x10002000                __top_RamLoc8 = 0x10002000

.text           0x00000000      0x2f8
 FILL mask 0xff
                0x00000000                __vectors_start__ = ABSOLUTE (.)
 *(.isr_vector)
 .isr_vector    0x00000000      0x128 ./src/cr_startup_lpc13xx.o
                0x00000000                g_pfnVectors
                0x00000128                . = ALIGN (0x4)
                0x00000128                __section_table_start = .
                0x00000128                __data_section_table = .
                0x00000128        0x4 LONG 0x2f8 LOADADDR (.data)
                0x0000012c        0x4 LONG 0x10000000 ADDR (.data)
                0x00000130        0x4 LONG 0x0 SIZEOF (.data)
                0x00000134                __data_section_table_end = .
                0x00000134                __bss_section_table = .
                0x00000134        0x4 LONG 0x10000000 ADDR (.bss)
                0x00000138        0x4 LONG 0x0 SIZEOF (.bss)
                0x0000013c                __bss_section_table_end = .
                0x0000013c                __section_table_end = .
 *(.after_vectors*)
 .after_vectors
                0x0000013c       0xa0 ./src/cr_startup_lpc13xx.o
                0x0000013c                NMI_Handler
                0x00000140                HardFault_Handler
                0x00000144                MemManage_Handler
                0x00000148                BusFault_Handler
                0x0000014c                UsageFault_Handler
                0x00000150                SVC_Handler
                0x00000154                DebugMon_Handler
                0x00000158                PendSV_Handler
                0x0000015c                SysTick_Handler
                0x00000160                TIMER32_1_IRQHandler
                0x00000160                IntDefaultHandler
                0x00000160                PIOINT1_IRQHandler
                0x00000160                TIMER32_0_IRQHandler
                0x00000160                UART_IRQHandler
                0x00000160                PIOINT3_IRQHandler
                0x00000160                TIMER16_1_IRQHandler
                0x00000160                USB_FIQHandler
                0x00000160                ADC_IRQHandler
                0x00000160                SSP1_IRQHandler
                0x00000160                PIOINT2_IRQHandler
                0x00000160                USB_IRQHandler
                0x00000160                BOD_IRQHandler
                0x00000160                WAKEUP_IRQHandler
                0x00000160                PIOINT0_IRQHandler
                0x00000160                I2C_IRQHandler
                0x00000160                SSP_IRQHandler
                0x00000160                WDT_IRQHandler
                0x00000160                TIMER16_0_IRQHandler
                0x00000160                FMC_IRQHandler
                0x00000164                data_init
                0x00000180                bss_init
                0x00000194                ResetISR
 *(.text*)
 .text.main     0x000001dc       0x70 ./src/UC-Week1.o
                0x000001dc                main
 .text.initButtons
                0x0000024c        0xc ./src/buttons.o
                0x0000024c                initButtons
 .text.readButtons
                0x00000258       0x14 ./src/buttons.o
                0x00000258                readButtons
 .text.initLeds
                0x0000026c       0x1c ./src/leds.o
                0x0000026c                initLeds
 .text.toggleRGB
                0x00000288       0x14 ./src/leds.o
                0x00000288                toggleRGB
 .text.incrementLeds
                0x0000029c       0x48 ./src/leds.o
                0x0000029c                incrementLeds
 .text.delay    0x000002e4       0x10 ./src/util.o
                0x000002e4                delay
 .text.__weak_main
                0x000002f4        0x4 c:/nxp/lpcxpresso_7.2.0_153/lpcxpresso/tools/bin/../lib/gcc/arm-none-eabi/4.8.3/../../../../arm-none-eabi/lib/armv7-m\libcr_c.a(__weak__main.o)
                0x000002f4                __weak_main
                0x000002f4                __main
 *(.rodata .rodata.* .constdata .constdata.*)
                0x000002f8                . = ALIGN (0x4)

.glue_7         0x000002f8        0x0
 .glue_7        0x00000000        0x0 linker stubs

.glue_7t        0x000002f8        0x0
 .glue_7t       0x00000000        0x0 linker stubs

.vfp11_veneer   0x000002f8        0x0
 .vfp11_veneer  0x00000000        0x0 linker stubs

.v4_bx          0x000002f8        0x0
 .v4_bx         0x00000000        0x0 linker stubs

.iplt           0x000002f8        0x0
 .iplt          0x00000000        0x0 ./src/UC-Week1.o

.rel.dyn        0x000002f8        0x0
 .rel.iplt      0x00000000        0x0 ./src/UC-Week1.o

.ARM.extab
 *(.ARM.extab* .gnu.linkonce.armextab.*)
                0x000002f8                __exidx_start = .

.ARM.exidx
 *(.ARM.exidx* .gnu.linkonce.armexidx.*)
                0x000002f8                __exidx_end = .
                0x000002f8                _etext = .

.uninit_RESERVED
                0x10000000        0x0
 *(.bss.$RESERVED*)
                0x10000000                . = ALIGN (0x4)
                0x10000000                _end_uninit_RESERVED = .

.data           0x10000000        0x0 load address 0x000002f8
 FILL mask 0xff
                0x10000000                _data = .
 *(vtable)
 *(.ramfunc*)
 *(.data*)
                0x10000000                . = ALIGN (0x4)
                0x10000000                _edata = .

.igot.plt       0x10000000        0x0 load address 0x000002f8
 .igot.plt      0x00000000        0x0 ./src/UC-Week1.o

.bss            0x10000000        0x0 load address 0x000002f8
                0x10000000                _bss = .
 *(.bss*)
 *(COMMON)
                0x10000000                . = ALIGN (0x4)
                0x10000000                _ebss = .
                0x10000000                PROVIDE (end, .)

.noinit         0x10000000        0x0 load address 0x000002f8
                0x10000000                _noinit = .
 *(.noinit*)
                0x10000000                . = ALIGN (0x4)
                0x10000000                _end_noinit = .
                0x10000000                PROVIDE (_pvHeapStart, .)
                0x10002000                PROVIDE (_vStackTop, (__top_RamLoc8 - 0x0))
OUTPUT(UC-Week1.axf elf32-littlearm)

.debug_info     0x00000000      0x7b7
 .debug_info    0x00000000      0x186 ./src/UC-Week1.o
 .debug_info    0x00000186       0xcf ./src/buttons.o
 .debug_info    0x00000255      0x27c ./src/cr_startup_lpc13xx.o
 .debug_info    0x000004d1      0x285 ./src/leds.o
 .debug_info    0x00000756       0x61 ./src/util.o

.debug_abbrev   0x00000000      0x3fe
 .debug_abbrev  0x00000000       0xf3 ./src/UC-Week1.o
 .debug_abbrev  0x000000f3       0x93 ./src/buttons.o
 .debug_abbrev  0x00000186      0x111 ./src/cr_startup_lpc13xx.o
 .debug_abbrev  0x00000297      0x10d ./src/leds.o
 .debug_abbrev  0x000003a4       0x5a ./src/util.o

.debug_loc      0x00000000      0x38b
 .debug_loc     0x00000000       0x60 ./src/UC-Week1.o
 .debug_loc     0x00000060       0x23 ./src/buttons.o
 .debug_loc     0x00000083      0x1d1 ./src/cr_startup_lpc13xx.o
 .debug_loc     0x00000254      0x118 ./src/leds.o
 .debug_loc     0x0000036c       0x1f ./src/util.o

.debug_aranges  0x00000000      0x140
 .debug_aranges
                0x00000000       0x20 ./src/UC-Week1.o
 .debug_aranges
                0x00000020       0x28 ./src/buttons.o
 .debug_aranges
                0x00000048       0x80 ./src/cr_startup_lpc13xx.o
 .debug_aranges
                0x000000c8       0x58 ./src/leds.o
 .debug_aranges
                0x00000120       0x20 ./src/util.o

.debug_ranges   0x00000000       0xf0
 .debug_ranges  0x00000000       0x10 ./src/UC-Week1.o
 .debug_ranges  0x00000010       0x18 ./src/buttons.o
 .debug_ranges  0x00000028       0x70 ./src/cr_startup_lpc13xx.o
 .debug_ranges  0x00000098       0x48 ./src/leds.o
 .debug_ranges  0x000000e0       0x10 ./src/util.o

.debug_macro    0x00000000     0x10e4
 .debug_macro   0x00000000       0x53 ./src/UC-Week1.o
 .debug_macro   0x00000053      0x862 ./src/UC-Week1.o
 .debug_macro   0x000008b5       0x10 ./src/UC-Week1.o
 .debug_macro   0x000008c5      0x122 ./src/UC-Week1.o
 .debug_macro   0x000009e7      0x5b9 ./src/UC-Week1.o
 .debug_macro   0x00000fa0       0x82 ./src/UC-Week1.o
 .debug_macro   0x00001022       0x48 ./src/buttons.o
 .debug_macro   0x0000106a       0x1d ./src/cr_startup_lpc13xx.o
 .debug_macro   0x00001087       0x4c ./src/leds.o
 .debug_macro   0x000010d3       0x11 ./src/util.o

.debug_line     0x00000000      0x547
 .debug_line    0x00000000      0x193 ./src/UC-Week1.o
 .debug_line    0x00000193      0x10e ./src/buttons.o
 .debug_line    0x000002a1       0xa7 ./src/cr_startup_lpc13xx.o
 .debug_line    0x00000348      0x1af ./src/leds.o
 .debug_line    0x000004f7       0x50 ./src/util.o

.debug_str      0x00000000     0x4256
 .debug_str     0x00000000     0x3f68 ./src/UC-Week1.o
                               0x3feb (size before relaxing)
 .debug_str     0x00003f68       0x67 ./src/buttons.o
                               0x3b89 (size before relaxing)
 .debug_str     0x00003fcf      0x1cf ./src/cr_startup_lpc13xx.o
                               0x25b3 (size before relaxing)
 .debug_str     0x0000419e       0xa4 ./src/leds.o
                               0x3bec (size before relaxing)
 .debug_str     0x00004242       0x14 ./src/util.o
                               0x23eb (size before relaxing)

.comment        0x00000000       0x70
 .comment       0x00000000       0x70 ./src/UC-Week1.o
                                 0x71 (size before relaxing)
 .comment       0x00000000       0x71 ./src/buttons.o
 .comment       0x00000000       0x71 ./src/cr_startup_lpc13xx.o
 .comment       0x00000000       0x71 ./src/leds.o
 .comment       0x00000000       0x71 ./src/util.o
 .comment       0x00000000       0x71 c:/nxp/lpcxpresso_7.2.0_153/lpcxpresso/tools/bin/../lib/gcc/arm-none-eabi/4.8.3/../../../../arm-none-eabi/lib/armv7-m\libcr_c.a(__weak__main.o)

.ARM.attributes
                0x00000000       0x33
 .ARM.attributes
                0x00000000       0x33 ./src/UC-Week1.o
 .ARM.attributes
                0x00000033       0x33 ./src/buttons.o
 .ARM.attributes
                0x00000066       0x33 ./src/cr_startup_lpc13xx.o
 .ARM.attributes
                0x00000099       0x33 ./src/leds.o
 .ARM.attributes
                0x000000cc       0x33 ./src/util.o
 .ARM.attributes
                0x000000ff       0x33 c:/nxp/lpcxpresso_7.2.0_153/lpcxpresso/tools/bin/../lib/gcc/arm-none-eabi/4.8.3/../../../../arm-none-eabi/lib/armv7-m\libcr_c.a(__weak__main.o)

.debug_frame    0x00000000      0x214
 .debug_frame   0x00000000       0x34 ./src/UC-Week1.o
 .debug_frame   0x00000034       0x30 ./src/buttons.o
 .debug_frame   0x00000064       0xf4 ./src/cr_startup_lpc13xx.o
 .debug_frame   0x00000158       0x9c ./src/leds.o
 .debug_frame   0x000001f4       0x20 ./src/util.o
