Archive member included because of file (symbol)

c:/nxp/lpcxpresso_7.2.0_153/lpcxpresso/tools/bin/../lib/gcc/arm-none-eabi/4.8.3/../../../../arm-none-eabi/lib/armv7-m\libcr_c.a(__weak__main.o)
                              ./src/cr_startup_lpc13xx.o (__main)

Discarded input sections

 .group         0x00000000        0x8 ./src/UC-Week3-IR-Interrupts.o
 .group         0x00000000        0x8 ./src/UC-Week3-IR-Interrupts.o
 .text          0x00000000        0x0 ./src/UC-Week3-IR-Interrupts.o
 .data          0x00000000        0x0 ./src/UC-Week3-IR-Interrupts.o
 .bss           0x00000000        0x0 ./src/UC-Week3-IR-Interrupts.o
 .group         0x00000000        0x8 ./src/cr_startup_lpc13xx.o
 .text          0x00000000        0x0 ./src/cr_startup_lpc13xx.o
 .data          0x00000000        0x0 ./src/cr_startup_lpc13xx.o
 .bss           0x00000000        0x0 ./src/cr_startup_lpc13xx.o
 .debug_macro   0x00000000      0x862 ./src/cr_startup_lpc13xx.o
 .group         0x00000000        0x8 ./src/crp.o
 .group         0x00000000        0x8 ./src/crp.o
 .text          0x00000000        0x0 ./src/crp.o
 .data          0x00000000        0x0 ./src/crp.o
 .bss           0x00000000        0x0 ./src/crp.o
 .crp           0x00000000        0x4 ./src/crp.o
 .debug_info    0x00000000       0x3f ./src/crp.o
 .debug_abbrev  0x00000000       0x36 ./src/crp.o
 .debug_aranges
                0x00000000       0x18 ./src/crp.o
 .debug_macro   0x00000000       0x1a ./src/crp.o
 .debug_macro   0x00000000      0x862 ./src/crp.o
 .debug_macro   0x00000000       0x34 ./src/crp.o
 .debug_line    0x00000000       0x78 ./src/crp.o
 .debug_str     0x00000000     0x2504 ./src/crp.o
 .comment       0x00000000       0x71 ./src/crp.o
 .ARM.attributes
                0x00000000       0x33 ./src/crp.o
 .group         0x00000000        0x8 ./src/infrared.o
 .text          0x00000000        0x0 ./src/infrared.o
 .data          0x00000000        0x0 ./src/infrared.o
 .bss           0x00000000        0x0 ./src/infrared.o
 .text.readIRBit
                0x00000000       0x10 ./src/infrared.o
 .debug_macro   0x00000000      0x862 ./src/infrared.o
 .group         0x00000000        0x8 ./src/leds.o
 .group         0x00000000        0x8 ./src/leds.o
 .group         0x00000000        0x8 ./src/leds.o
 .group         0x00000000        0x8 ./src/leds.o
 .text          0x00000000        0x0 ./src/leds.o
 .data          0x00000000        0x0 ./src/leds.o
 .bss           0x00000000        0x0 ./src/leds.o
 .text.ledsWriteRGB
                0x00000000       0x14 ./src/leds.o
 .text.toggleRGB
                0x00000000       0x14 ./src/leds.o
 .text.incrementLeds
                0x00000000       0x48 ./src/leds.o
 .text.toggleLeds
                0x00000000       0x10 ./src/leds.o
 .text.shineOnMe
                0x00000000       0x10 ./src/leds.o
 .debug_macro   0x00000000      0x862 ./src/leds.o
 .group         0x00000000        0x8 ./src/timer.o
 .text          0x00000000        0x0 ./src/timer.o
 .data          0x00000000        0x0 ./src/timer.o
 .bss           0x00000000        0x0 ./src/timer.o
 .debug_macro   0x00000000      0x862 ./src/timer.o
 .text          0x00000000        0x0 c:/nxp/lpcxpresso_7.2.0_153/lpcxpresso/tools/bin/../lib/gcc/arm-none-eabi/4.8.3/../../../../arm-none-eabi/lib/armv7-m\libcr_c.a(__weak__main.o)
 .data          0x00000000        0x0 c:/nxp/lpcxpresso_7.2.0_153/lpcxpresso/tools/bin/../lib/gcc/arm-none-eabi/4.8.3/../../../../arm-none-eabi/lib/armv7-m\libcr_c.a(__weak__main.o)
 .bss           0x00000000        0x0 c:/nxp/lpcxpresso_7.2.0_153/lpcxpresso/tools/bin/../lib/gcc/arm-none-eabi/4.8.3/../../../../arm-none-eabi/lib/armv7-m\libcr_c.a(__weak__main.o)

Memory Configuration

Name             Origin             Length             Attributes
MFlash32         0x00000000         0x00008000         xr
RamLoc8          0x10000000         0x00002000         xrw
*default*        0x00000000         0xffffffff

Linker script and memory map

LOAD ./src/UC-Week3-IR-Interrupts.o
LOAD ./src/cr_startup_lpc13xx.o
LOAD ./src/crp.o
LOAD ./src/infrared.o
LOAD ./src/leds.o
LOAD ./src/timer.o
START GROUP
LOAD c:/nxp/lpcxpresso_7.2.0_153/lpcxpresso/tools/bin/../lib/gcc/arm-none-eabi/4.8.3/../../../../arm-none-eabi/lib/armv7-m\libcr_c.a
LOAD c:/nxp/lpcxpresso_7.2.0_153/lpcxpresso/tools/bin/../lib/gcc/arm-none-eabi/4.8.3/armv7-m\libcr_eabihelpers.a
END GROUP
                0x00008000                __top_MFlash32 = 0x8000
                0x10002000                __top_RamLoc8 = 0x10002000

.text           0x00000000      0x3a4
 FILL mask 0xff
                0x00000000                __vectors_start__ = ABSOLUTE (.)
 *(.isr_vector)
 .isr_vector    0x00000000      0x128 ./src/cr_startup_lpc13xx.o
                0x00000000                g_pfnVectors
                0x00000128                . = ALIGN (0x4)
                0x00000128                __section_table_start = .
                0x00000128                __data_section_table = .
                0x00000128        0x4 LONG 0x3a4 LOADADDR (.data)
                0x0000012c        0x4 LONG 0x10000000 ADDR (.data)
                0x00000130        0x4 LONG 0x8 SIZEOF (.data)
                0x00000134                __data_section_table_end = .
                0x00000134                __bss_section_table = .
                0x00000134        0x4 LONG 0x10000008 ADDR (.bss)
                0x00000138        0x4 LONG 0x4 SIZEOF (.bss)
                0x0000013c                __bss_section_table_end = .
                0x0000013c                __section_table_end = .
 *(.after_vectors*)
 .after_vectors
                0x0000013c       0xa0 ./src/cr_startup_lpc13xx.o
                0x0000013c                NMI_Handler
                0x00000140                HardFault_Handler
                0x00000144                MemManage_Handler
                0x00000148                BusFault_Handler
                0x0000014c                UsageFault_Handler
                0x00000150                SVC_Handler
                0x00000154                DebugMon_Handler
                0x00000158                PendSV_Handler
                0x0000015c                SysTick_Handler
                0x00000160                TIMER32_1_IRQHandler
                0x00000160                IntDefaultHandler
                0x00000160                TIMER32_0_IRQHandler
                0x00000160                UART_IRQHandler
                0x00000160                SSP_IRQHandler
                0x00000160                PIOINT3_IRQHandler
                0x00000160                TIMER16_1_IRQHandler
                0x00000160                USB_FIQHandler
                0x00000160                ADC_IRQHandler
                0x00000160                SSP1_IRQHandler
                0x00000160                PIOINT2_IRQHandler
                0x00000160                USB_IRQHandler
                0x00000160                BOD_IRQHandler
                0x00000160                WAKEUP_IRQHandler
                0x00000160                I2C_IRQHandler
                0x00000160                PIOINT1_IRQHandler
                0x00000160                WDT_IRQHandler
                0x00000160                TIMER16_0_IRQHandler
                0x00000160                FMC_IRQHandler
                0x00000164                data_init
                0x00000180                bss_init
                0x00000194                ResetISR
 *(.text*)
 .text.main     0x000001dc       0x10 ./src/UC-Week3-IR-Interrupts.o
                0x000001dc                main
 .text.initInfrared
                0x000001ec       0x3c ./src/infrared.o
                0x000001ec                initInfrared
 .text.getCommand
                0x00000228        0x8 ./src/infrared.o
                0x00000228                getCommand
 .text.PIOINT0_IRQHandler
                0x00000230       0xd4 ./src/infrared.o
                0x00000230                PIOINT0_IRQHandler
 .text.initLeds
                0x00000304       0x1c ./src/leds.o
                0x00000304                initLeds
 .text.setLeds  0x00000320       0x18 ./src/leds.o
                0x00000320                setLeds
 .text.initTimer
                0x00000338       0x28 ./src/timer.o
                0x00000338                initTimer
 .text.timerRead
                0x00000360        0xc ./src/timer.o
                0x00000360                timerRead
 .text.resetTimer
                0x0000036c       0x1c ./src/timer.o
                0x0000036c                resetTimer
 .text.delay    0x00000388       0x18 ./src/timer.o
                0x00000388                delay
 .text.__weak_main
                0x000003a0        0x4 c:/nxp/lpcxpresso_7.2.0_153/lpcxpresso/tools/bin/../lib/gcc/arm-none-eabi/4.8.3/../../../../arm-none-eabi/lib/armv7-m\libcr_c.a(__weak__main.o)
                0x000003a0                __weak_main
                0x000003a0                __main
 *(.rodata .rodata.* .constdata .constdata.*)
                0x000003a4                . = ALIGN (0x4)

.glue_7         0x000003a4        0x0
 .glue_7        0x00000000        0x0 linker stubs

.glue_7t        0x000003a4        0x0
 .glue_7t       0x00000000        0x0 linker stubs

.vfp11_veneer   0x000003a4        0x0
 .vfp11_veneer  0x00000000        0x0 linker stubs

.v4_bx          0x000003a4        0x0
 .v4_bx         0x00000000        0x0 linker stubs

.iplt           0x000003a4        0x0
 .iplt          0x00000000        0x0 ./src/UC-Week3-IR-Interrupts.o

.rel.dyn        0x000003a4        0x0
 .rel.iplt      0x00000000        0x0 ./src/UC-Week3-IR-Interrupts.o

.ARM.extab
 *(.ARM.extab* .gnu.linkonce.armextab.*)
                0x000003a4                __exidx_start = .

.ARM.exidx
 *(.ARM.exidx* .gnu.linkonce.armexidx.*)
                0x000003a4                __exidx_end = .
                0x000003a4                _etext = .

.uninit_RESERVED
                0x10000000        0x0
 *(.bss.$RESERVED*)
                0x10000000                . = ALIGN (0x4)
                0x10000000                _end_uninit_RESERVED = .

.data           0x10000000        0x8 load address 0x000003a4
 FILL mask 0xff
                0x10000000                _data = .
 *(vtable)
 *(.ramfunc*)
 *(.data*)
 .data.messageLocation
                0x10000000        0x4 ./src/infrared.o
 .data.RC5middle
                0x10000004        0x1 ./src/infrared.o
                0x10000008                . = ALIGN (0x4)
 *fill*         0x10000005        0x3 ff
                0x10000008                _edata = .

.igot.plt       0x10000008        0x0 load address 0x000003ac
 .igot.plt      0x00000000        0x0 ./src/UC-Week3-IR-Interrupts.o

.bss            0x10000008        0x4 load address 0x000003ac
                0x10000008                _bss = .
 *(.bss*)
 .bss.RC5rising
                0x10000008        0x1 ./src/infrared.o
 *fill*         0x10000009        0x1 
 .bss.message   0x1000000a        0x2 ./src/infrared.o
 *(COMMON)
                0x1000000c                . = ALIGN (0x4)
                0x1000000c                _ebss = .
                0x1000000c                PROVIDE (end, .)

.noinit         0x1000000c        0x0 load address 0x000003ac
                0x1000000c                _noinit = .
 *(.noinit*)
                0x1000000c                . = ALIGN (0x4)
                0x1000000c                _end_noinit = .
                0x1000000c                PROVIDE (_pvHeapStart, .)
                0x10002000                PROVIDE (_vStackTop, (__top_RamLoc8 - 0x0))
OUTPUT(UC-Week3-IR-Interrupts.axf elf32-littlearm)

.debug_info     0x00000000      0x73b
 .debug_info    0x00000000       0x89 ./src/UC-Week3-IR-Interrupts.o
 .debug_info    0x00000089      0x27c ./src/cr_startup_lpc13xx.o
 .debug_info    0x00000305      0x19a ./src/infrared.o
 .debug_info    0x0000049f      0x1f6 ./src/leds.o
 .debug_info    0x00000695       0xa6 ./src/timer.o

.debug_abbrev   0x00000000      0x3f6
 .debug_abbrev  0x00000000       0x6e ./src/UC-Week3-IR-Interrupts.o
 .debug_abbrev  0x0000006e      0x111 ./src/cr_startup_lpc13xx.o
 .debug_abbrev  0x0000017f      0x12a ./src/infrared.o
 .debug_abbrev  0x000002a9       0xc9 ./src/leds.o
 .debug_abbrev  0x00000372       0x84 ./src/timer.o

.debug_aranges  0x00000000      0x160
 .debug_aranges
                0x00000000       0x20 ./src/UC-Week3-IR-Interrupts.o
 .debug_aranges
                0x00000020       0x80 ./src/cr_startup_lpc13xx.o
 .debug_aranges
                0x000000a0       0x38 ./src/infrared.o
 .debug_aranges
                0x000000d8       0x50 ./src/leds.o
 .debug_aranges
                0x00000128       0x38 ./src/timer.o

.debug_ranges   0x00000000      0x110
 .debug_ranges  0x00000000       0x10 ./src/UC-Week3-IR-Interrupts.o
 .debug_ranges  0x00000010       0x70 ./src/cr_startup_lpc13xx.o
 .debug_ranges  0x00000080       0x28 ./src/infrared.o
 .debug_ranges  0x000000a8       0x40 ./src/leds.o
 .debug_ranges  0x000000e8       0x28 ./src/timer.o

.debug_macro    0x00000000     0x1106
 .debug_macro   0x00000000       0x26 ./src/UC-Week3-IR-Interrupts.o
 .debug_macro   0x00000026      0x862 ./src/UC-Week3-IR-Interrupts.o
 .debug_macro   0x00000888       0x82 ./src/UC-Week3-IR-Interrupts.o
 .debug_macro   0x0000090a       0x1d ./src/cr_startup_lpc13xx.o
 .debug_macro   0x00000927       0x5f ./src/infrared.o
 .debug_macro   0x00000986       0x48 ./src/leds.o
 .debug_macro   0x000009ce       0x10 ./src/leds.o
 .debug_macro   0x000009de      0x122 ./src/leds.o
 .debug_macro   0x00000b00      0x5b9 ./src/leds.o
 .debug_macro   0x000010b9       0x4d ./src/timer.o

.debug_line     0x00000000      0x404
 .debug_line    0x00000000       0xca ./src/UC-Week3-IR-Interrupts.o
 .debug_line    0x000000ca       0xa7 ./src/cr_startup_lpc13xx.o
 .debug_line    0x00000171       0xb4 ./src/infrared.o
 .debug_line    0x00000225      0x162 ./src/leds.o
 .debug_line    0x00000387       0x7d ./src/timer.o

.debug_str      0x00000000     0x4595
 .debug_str     0x00000000     0x2897 ./src/UC-Week3-IR-Interrupts.o
                               0x289c (size before relaxing)
 .debug_str     0x00002897      0x1cf ./src/cr_startup_lpc13xx.o
                               0x25f0 (size before relaxing)
 .debug_str     0x00002a66      0x22e ./src/infrared.o
                               0x2686 (size before relaxing)
 .debug_str     0x00002c94     0x1777 ./src/leds.o
                               0x3c14 (size before relaxing)
 .debug_str     0x0000440b      0x18a ./src/timer.o
                               0x25dd (size before relaxing)

.comment        0x00000000       0x70
 .comment       0x00000000       0x70 ./src/UC-Week3-IR-Interrupts.o
                                 0x71 (size before relaxing)
 .comment       0x00000000       0x71 ./src/cr_startup_lpc13xx.o
 .comment       0x00000000       0x71 ./src/infrared.o
 .comment       0x00000000       0x71 ./src/leds.o
 .comment       0x00000000       0x71 ./src/timer.o
 .comment       0x00000000       0x71 c:/nxp/lpcxpresso_7.2.0_153/lpcxpresso/tools/bin/../lib/gcc/arm-none-eabi/4.8.3/../../../../arm-none-eabi/lib/armv7-m\libcr_c.a(__weak__main.o)

.ARM.attributes
                0x00000000       0x33
 .ARM.attributes
                0x00000000       0x33 ./src/UC-Week3-IR-Interrupts.o
 .ARM.attributes
                0x00000033       0x33 ./src/cr_startup_lpc13xx.o
 .ARM.attributes
                0x00000066       0x33 ./src/infrared.o
 .ARM.attributes
                0x00000099       0x33 ./src/leds.o
 .ARM.attributes
                0x000000cc       0x33 ./src/timer.o
 .ARM.attributes
                0x000000ff       0x33 c:/nxp/lpcxpresso_7.2.0_153/lpcxpresso/tools/bin/../lib/gcc/arm-none-eabi/4.8.3/../../../../arm-none-eabi/lib/armv7-m\libcr_c.a(__weak__main.o)

.debug_frame    0x00000000      0x250
 .debug_frame   0x00000000       0x28 ./src/UC-Week3-IR-Interrupts.o
 .debug_frame   0x00000028       0xf4 ./src/cr_startup_lpc13xx.o
 .debug_frame   0x0000011c       0x5c ./src/infrared.o
 .debug_frame   0x00000178       0x80 ./src/leds.o
 .debug_frame   0x000001f8       0x58 ./src/timer.o

.debug_loc      0x00000000      0x2fa
 .debug_loc     0x00000000      0x1d1 ./src/cr_startup_lpc13xx.o
 .debug_loc     0x000001d1       0x4d ./src/infrared.o
 .debug_loc     0x0000021e       0xbe ./src/leds.o
 .debug_loc     0x000002dc       0x1e ./src/timer.o
