14:24:01 **** Incremental Build of configuration Debug for project UC-Week2 ****
make all 
Building file: ../src/timer.c
Invoking: MCU C Compiler
arm-none-eabi-gcc -std=c99 -D__REDLIB__ -DDEBUG -D__CODE_RED -DCORE_M3 -D__LPC13XX__ -Og -g3 -Wall -c -fmessage-length=0 -fno-builtin -ffunction-sections -fdata-sections -mcpu=cortex-m3 -mthumb -specs=redlib.specs -MMD -MP -MF"src/timer.d" -MT"src/timer.d" -o "src/timer.o" "../src/timer.c"
../src/timer.c: In function 'initTimer':
../src/timer.c:28:2: warning: implicit declaration of function 'configurePrescaler' [-Wimplicit-function-declaration]
  configurePrescaler(PRESCALE_VALUE);
  ^
../src/timer.c: At top level:
../src/timer.c:35:6: warning: conflicting types for 'configurePrescaler' [enabled by default]
 void configurePrescaler(unsigned int configuration) {
      ^
../src/timer.c:28:2: note: previous implicit declaration of 'configurePrescaler' was here
  configurePrescaler(PRESCALE_VALUE);
  ^
Finished building: ../src/timer.c
 
Building target: UC-Week2.axf
Invoking: MCU Linker
arm-none-eabi-gcc -nostdlib -Xlinker -Map="UC-Week2.map" -Xlinker --gc-sections -mcpu=cortex-m3 -mthumb -T "UC-Week2_Debug.ld" -o "UC-Week2.axf"  ./src/UC-Week2.o ./src/cr_startup_lpc13xx.o ./src/crp.o ./src/leds.o ./src/timer.o ./src/util.o   
Finished building target: UC-Week2.axf
 
make --no-print-directory post-build
Performing post-build steps
arm-none-eabi-size "UC-Week2.axf"; # arm-none-eabi-objcopy -v -O binary "UC-Week2.axf" "UC-Week2.bin" ; # checksum -p LPC1343 -d "UC-Week2.bin";
   text	   data	    bss	    dec	    hex	filename
    632	      0	      0	    632	    278	UC-Week2.axf
 

14:24:03 Build Finished (took 2s.97ms)

