14:19:32 **** Incremental Build of configuration Debug for project UC-Week1 ****
make all 
Building file: ../src/leds.c
Invoking: MCU C Compiler
arm-none-eabi-gcc -std=c99 -D__REDLIB__ -DDEBUG -D__CODE_RED -DCORE_M3 -D__LPC13XX__ -Og -g3 -Wall -c -fmessage-length=0 -fno-builtin -ffunction-sections -fdata-sections -mcpu=cortex-m3 -mthumb -specs=redlib.specs -MMD -MP -MF"src/leds.d" -MT"src/leds.d" -o "src/leds.o" "../src/leds.c"
../src/leds.c: In function 'kitt':
../src/leds.c:66:2: warning: large integer implicitly truncated to unsigned type [-Woverflow]
  unsigned char delayTime = 1000000;
  ^
Finished building: ../src/leds.c
 
Building target: UC-Week1.axf
Invoking: MCU Linker
arm-none-eabi-gcc -nostdlib -Xlinker -Map="UC-Week1.map" -Xlinker --gc-sections -mcpu=cortex-m3 -mthumb -T "UC-Week1_Debug.ld" -o "UC-Week1.axf"  ./src/UC-Week1.o ./src/buttons.o ./src/cr_startup_lpc13xx.o ./src/crp.o ./src/leds.o ./src/util.o   
Finished building target: UC-Week1.axf
 
make --no-print-directory post-build
Performing post-build steps
arm-none-eabi-size "UC-Week1.axf"; # arm-none-eabi-objcopy -v -O binary "UC-Week1.axf" "UC-Week1.bin" ; # checksum -p LPC1343 -d "UC-Week1.bin";
   text	   data	    bss	    dec	    hex	filename
    760	      0	      0	    760	    2f8	UC-Week1.axf
 

14:19:34 Build Finished (took 2s.1ms)

